// Jest Snapshot v1, https://goo.gl/fbAQLP

exports[` Sidepanel Arena display check 1`] = `
<tr>
  <td
    style={
      Object {
        "alignItems": "center",
        "display": "flex",
      }
    }
  >
    <CountryImage
      CountryCode="In"
    />
    India
  </td>
  <td>
    3000
  </td>
</tr>
`;
